
R version 3.0.2 (2013-09-25) -- "Frisbee Sailing"
Copyright (C) 2013 The R Foundation for Statistical Computing
Platform: x86_64-pc-linux-gnu (64-bit)

R is free software and comes with ABSOLUTELY NO WARRANTY.
You are welcome to redistribute it under certain conditions.
Type 'license()' or 'licence()' for distribution details.

  Natural language support but running in an English locale

R is a collaborative project with many contributors.
Type 'contributors()' for more information and
'citation()' on how to cite R or R packages in publications.

Type 'demo()' for some demos, 'help()' for on-line help, or
'help.start()' for an HTML browser interface to help.
Type 'q()' to quit R.

[Previously saved workspace restored]

> 
> #D <- read.csv("../../data/American_Pale_Ale_(APA)/220_44896", as.is = TRUE)
> #D <- read.csv("../../data/American_Pale_Ale_(APA)/140_276", as.is = TRUE)
> common.words <- strsplit(readLines("common-english-words.txt"), ",")[[1]]
Warning message:
In readLines("common-english-words.txt") :
  incomplete final line found on 'common-english-words.txt'
> 
> #files <- list.files("../../data/American_Pale_Ale_(APA)/", full.names = TRUE)
> 
> all.beers <- list.dirs("../../data/")
> all.beers <- all.beers[2:length(all.beers)]
> all.beers.names.only <- sapply(strsplit(all.beers, "//"), function(x) x[2])
> n.beers <- length(all.beers)
> 
> style.start <- beer.start <- 1
> args <- commandArgs(trailingOnly = TRUE)
> if (length(args) > 0) {
+   style.start <- args[1]
+ }
> if (length(args) > 1) {
+   beer.start <- args[2]
+ }
> 
> for (j in style.start:n.beers) {
+   files <- list.files(all.beers[j], full.names = TRUE)
+   
+   t <- proc.time()
+   
+   n.files <- length(files) - 1
+   word.freqs <- vector("list", n.files)
+   for (i in beer.start:n.files) {
+     D <- tryCatch(
+                   {
+                     read.csv(files[i], as.is = TRUE, row.names = NULL)
+                   }, error = function(e) {
+                     print(paste("error with file:", files[i]))
+                     print(e)
+                     return(NULL)
+                   })
+ 
+     if (is.null(D)) {
+       next
+     }
+ 
+     if (nrow(D) > 0) {
+       text <- D$review_text
+       
+       text <- gsub("[[:punct:]]", "", text)
+       
+       text <- tolower(text)
+       
+       text <- strsplit(text, split = "\\s+")
+       
+       text <- Reduce(c, text, c())
+       text <- text[text != ""]
+       
+       counts <- rle(sort(text)) # generates word counts
+       counts <- data.frame(word = counts$value, count = counts$lengths)
+       counts <- counts[!is.element(counts$word, common.words),] # filters out common words
+ 
+       sorted.indices <- order(counts$count, decreasing = TRUE)
+       counts <- counts[sorted.indices,] # put in decreasing order
+       counts$percent <- counts$count / sum(counts$count)
+                                         #head(counts, 50)
+     } else {
+       counts <- data.frame(word = character(0), count = numeric(0),
+                            percent = numeric(0))
+     }
+     
+     word.freqs[[i]] <- counts
+   }
+ 
+   save(word.freqs, file = paste("word_frequencies_by_beer", all.beers.names.only[j], sep = "/"))
+   
+ }
[1] "error with file: ../../data//American_IPA/651_6076"
<simpleError in read.table(file = file, header = header, sep = sep, quote = quote,     dec = dec, fill = fill, comment.char = comment.char, ...): more columns than column names>
[1] "error with file: ../../data//American_Stout/140_283"
<simpleError in read.table(file = file, header = header, sep = sep, quote = quote,     dec = dec, fill = fill, comment.char = comment.char, ...): more columns than column names>
[1] "error with file: ../../data//Berliner_Weissbier/24300_118551"
<simpleError in read.table(file = file, header = header, sep = sep, quote = quote,     dec = dec, fill = fill, comment.char = comment.char, ...): more columns than column names>
[1] "error with file: ../../data//Bière_de_Champagne__Bière_Brut/27934_130298"
<simpleError in read.table(file = file, header = header, sep = sep, quote = quote,     dec = dec, fill = fill, comment.char = comment.char, ...): more columns than column names>
[1] "error with file: ../../data//Bière_de_Garde/380_2429"
<simpleError in read.table(file = file, header = header, sep = sep, quote = quote,     dec = dec, fill = fill, comment.char = comment.char, ...): more columns than column names>
[1] "error with file: ../../data//Black_&_Tan/4096_33887"
<simpleError in read.table(file = file, header = header, sep = sep, quote = quote,     dec = dec, fill = fill, comment.char = comment.char, ...): more columns than column names>
[1] "error with file: ../../data//Cream_Ale/2454_17268"
<simpleError in read.table(file = file, header = header, sep = sep, quote = quote,     dec = dec, fill = fill, comment.char = comment.char, ...): more columns than column names>
[1] "error with file: ../../data//Weizenbock/81_14497"
<simpleError in read.table(file = file, header = header, sep = sep, quote = quote,     dec = dec, fill = fill, comment.char = comment.char, ...): more columns than column names>
There were 50 or more warnings (use warnings() to see the first 50)
> 
> print(proc.time() - t)
   user  system elapsed 
  4.516   0.004   4.528 
> 
> proc.time()
   user  system elapsed 
313.461   1.045 314.956 
